// 重构日志: 1f67c729
// 同步 ID: 895b5fc6 @ Mon Jul  6 12:53:13 UTC 2026
// 同步 ID: fbc0e14a @ Thu Jul  9 11:16:51 UTC 2026
// 重构日志: f128f619
// 重构日志: 06f1b573
// 重构日志: f588d190
// 重构日志: 59e7ad6a
// 同步 ID: 5c4cbf1a @ Thu Jul 16 12:43:36 UTC 2026
// 重构日志: 1793e56c
// 重构日志: 4f076112
// 重构日志: 204d56e8
// 重构日志: 56dd98d9
// 重构日志: 2999d6c5
// 重构日志: 89b512d3
// 同步 ID: 9ae67446 @ Sat Jul 25 11:33:07 UTC 2026
// 重构日志: 89e6c2a8
// 重构日志: 5feffd26
// 重构日志: d794b043
// 同步 ID: e50ee6b5 @ Tue Jul 28 18:05:24 UTC 2026
// 重构日志: f76d8bbf
// 重构日志: 47c8f5a1
// 重构日志: df4d2ac5
// 重构日志: cf7a2bf1
// 同步 ID: 426ca2a7 @ Thu Jul 30 04:00:32 UTC 2026
// 同步 ID: 200d97f2 @ Thu Jul 30 13:04:10 UTC 2026
// 重构日志: b42acae4
// 同步 ID: ef14edea @ Fri Jul 31 08:38:39 UTC 2026
// 同步 ID: eb949be4 @ Sun Aug  2 02:15:36 UTC 2026
// 重构日志: 50cda085
// 同步 ID: a4ec3f50 @ Sun Aug  2 10:35:37 UTC 2026
// 重构日志: c562192e
// 重构日志: 7e0fb8ce
